// Jest Snapshot v1, https://goo.gl/fbAQLP

exports[`renders correctly 1`] = `
<div
  className="ButtonAppBar-root-1"
>
  <header
    className="MuiPaper-root-13 MuiPaper-elevation4-19 MuiAppBar-root-5 MuiAppBar-positionFixed-6 MuiAppBar-colorPrimary-11 mui-fixed ButtonAppBar-appbar-4"
  >
    <div
      className="MuiToolbar-root-40 MuiToolbar-gutters-41"
    >
      <div
        aria-label="Menu"
        className="ButtonAppBar-menuButton-3"
        color="inherit"
      >
        <div>
          <button
            className="MuiButtonBase-root-63 MuiButton-root-47"
            disabled={false}
            onBlur={[Function]}
            onClick={[Function]}
            onFocus={[Function]}
            onKeyDown={[Function]}
            onKeyUp={[Function]}
            onMouseDown={[Function]}
            onMouseLeave={[Function]}
            onMouseUp={[Function]}
            onTouchEnd={[Function]}
            onTouchMove={[Function]}
            onTouchStart={[Function]}
            tabIndex="0"
            type="button"
          >
            <span
              className="MuiButton-label-48"
            >
              <svg
                aria-hidden="true"
                className="MuiSvgIcon-root-66"
                color={undefined}
                focusable="false"
                style={
                  Object {
                    "color": "white",
                  }
                }
                viewBox="0 0 24 24"
              >
                <g>
                  <path
                    d="M3 18h18v-2H3v2zm0-5h18v-2H3v2zm0-7v2h18V6H3z"
                  />
                </g>
              </svg>
            </span>
            <span
              className="MuiTouchRipple-root-72"
            />
          </button>
        </div>
      </div>
      <p
        className="MuiTypography-root-79 MuiTypography-body1-88 MuiTypography-colorInherit-98 ButtonAppBar-flex-2"
      />
      <div
        color="inherit"
      >
        <div>
          <button
            className="MuiButtonBase-root-63 MuiButton-root-47"
            disabled={false}
            onBlur={[Function]}
            onClick={[Function]}
            onFocus={[Function]}
            onKeyDown={[Function]}
            onKeyUp={[Function]}
            onMouseDown={[Function]}
            onMouseLeave={[Function]}
            onMouseUp={[Function]}
            onTouchEnd={[Function]}
            onTouchMove={[Function]}
            onTouchStart={[Function]}
            tabIndex="0"
            type="button"
          >
            <span
              className="MuiButton-label-48"
            >
              <svg
                aria-hidden="true"
                className="MuiSvgIcon-root-66"
                color={undefined}
                focusable="false"
                style={
                  Object {
                    "color": "white",
                  }
                }
                viewBox="0 0 24 24"
              >
                <g>
                  <path
                    d="M15.5 14h-.79l-.28-.27C15.41 12.59 16 11.11 16 9.5 16 5.91 13.09 3 9.5 3S3 5.91 3 9.5 5.91 16 9.5 16c1.61 0 3.09-.59 4.23-1.57l.27.28v.79l5 4.99L20.49 19l-4.99-5zm-6 0C7.01 14 5 11.99 5 9.5S7.01 5 9.5 5 14 7.01 14 9.5 11.99 14 9.5 14z"
                  />
                </g>
              </svg>
            </span>
            <span
              className="MuiTouchRipple-root-72"
            />
          </button>
        </div>
      </div>
    </div>
  </header>
</div>
`;
