// Jest Snapshot v1, https://goo.gl/fbAQLP

exports[`renders correctly 1`] = `
<div
  className="container"
>
  <h3>
    Login
  </h3>
  
  <form
    className="form col-md-12 center-block"
    onSubmit={[Function]}
  >
    <div
      className="form-group"
    >
      <input
        className="form-control input-lg"
        name="username"
        onChange={[Function]}
        placeholder="User Name"
        type="text"
      />
    </div>
    <div
      className="form-group"
    >
      <input
        className="form-control input-lg"
        name="password"
        onChange={[Function]}
        placeholder="Password"
        type="password"
      />
    </div>
    <div
      className="form-group"
    >
      <input
        className="btn btn-primary btn-lg btn-block"
        type="submit"
        value="Login"
      />
    </div>
  </form>
  <a
    href="/register"
    onClick={[Function]}
  >
    Register
  </a>
</div>
`;
