// Jest Snapshot v1, https://goo.gl/fbAQLP

exports[`renders correctly 1`] = `
<div>
  <button
    className="MuiButtonBase-root-22 MuiButton-root-6"
    disabled={false}
    onBlur={[Function]}
    onClick={[Function]}
    onFocus={[Function]}
    onKeyDown={[Function]}
    onKeyUp={[Function]}
    onMouseDown={[Function]}
    onMouseLeave={[Function]}
    onMouseUp={[Function]}
    onTouchEnd={[Function]}
    onTouchMove={[Function]}
    onTouchStart={[Function]}
    tabIndex="0"
    type="button"
  >
    <span
      className="MuiButton-label-7"
    >
      <svg
        aria-hidden="true"
        className="MuiSvgIcon-root-25"
        color={undefined}
        focusable="false"
        style={
          Object {
            "color": "white",
          }
        }
        viewBox="0 0 24 24"
      >
        <g>
          <path
            d="M3 18h18v-2H3v2zm0-5h18v-2H3v2zm0-7v2h18V6H3z"
          />
        </g>
      </svg>
    </span>
    <span
      className="MuiTouchRipple-root-31"
    />
  </button>
</div>
`;
