// Jest Snapshot v1, https://goo.gl/fbAQLP

exports[`renders correctly 1`] = `
<ul
  className="MuiList-root-2 MuiList-padding-3 UserList-list-1"
/>
`;
