// Jest Snapshot v1, https://goo.gl/fbAQLP

exports[`renders correctly 1`] = `
<div
  className="MuiButtonBase-root-19 MuiListItem-root-9 MuiListItem-default-12 MuiListItem-gutters-16 MuiListItem-button-17 Event-listItem-1 Event-unselectable-4"
  onBlur={[Function]}
  onClick={[Function]}
  onFocus={[Function]}
  onKeyDown={[Function]}
  onKeyUp={[Function]}
  onMouseDown={[Function]}
  onMouseLeave={[Function]}
  onMouseUp={[Function]}
  onTouchEnd={[Function]}
  onTouchMove={[Function]}
  onTouchStart={[Function]}
  role="button"
  tabIndex="0"
>
  <div
    className="Event-content-2"
  >
    <div
      className="Event-profilePicture-8"
    />
    <div
      className="Event-text-5"
    >
      <span
        className="Event-username-6"
      />
    </div>
  </div>
  
  
  <span
    className="MuiTouchRipple-root-22"
  />
</div>
`;
